../Core/Src/main.c:93:5:main	24	static
../Core/Src/main.c:167:6:SystemClock_Config	88	static
../Core/Src/main.c:214:13:MX_SPI3_Init	8	static
../Core/Src/main.c:254:13:MX_TIM16_Init	8	static
../Core/Src/main.c:290:13:MX_USART1_UART_Init	8	static
../Core/Src/main.c:338:13:MX_GPIO_Init	48	static
../Core/Src/main.c:395:6:SPITxRx_readIO	8	static
../Core/Src/main.c:435:6:SPITxRx_writeIO	8	static
../Core/Src/main.c:480:9:AnsCheck	4	static
../Core/Src/main.c:504:6:SPITxRx_Setup	8	static
../Core/Src/main.c:512:6:IODIRB_Init	8	static
../Core/Src/main.c:521:6:IODIRA_Init	8	static
../Core/Src/main.c:530:6:HAL_SPI_TxRxCpltCallback	16	static
../Core/Src/main.c:543:6:Error_Handler	4	static,ignoring_inline_asm
